// Jest Snapshot v1, https://goo.gl/fbAQLP

exports[`Deve renderizar corretamente 1`] = `
<View
  style={
    Object {
      "alignItems": "center",
      "borderBottomColor": "#ddd",
      "borderBottomWidth": 1,
      "flexDirection": "row",
    }
  }
>
  <TextInput
    allowFontScaling={true}
    onChangeText={[Function]}
    placeholder="Adicione um comentário..."
    rejectResponderTermination={true}
    style={
      Object {
        "flex": 1,
        "height": 40,
      }
    }
    underlineColorAndroid="transparent"
  />
  <View
    accessible={true}
    isTVSelectable={true}
    onResponderGrant={[Function]}
    onResponderMove={[Function]}
    onResponderRelease={[Function]}
    onResponderTerminate={[Function]}
    onResponderTerminationRequest={[Function]}
    onStartShouldSetResponder={[Function]}
    style={
      Object {
        "opacity": 1,
      }
    }
  >
    <Image
      source={
        Object {
          "testUri": "../../../resources/img/send.png",
        }
      }
      style={
        Object {
          "height": 30,
          "width": 30,
        }
      }
    />
  </View>
</View>
`;
