// Jest Snapshot v1, https://goo.gl/fbAQLP

exports[`Deve renderizar corretamente 1`] = `
<View>
  <View
    accessible={true}
    isTVSelectable={true}
    onResponderGrant={[Function]}
    onResponderMove={[Function]}
    onResponderRelease={[Function]}
    onResponderTerminate={[Function]}
    onResponderTerminationRequest={[Function]}
    onStartShouldSetResponder={[Function]}
    style={
      Object {
        "opacity": 1,
      }
    }
  >
    <Image
      source={
        Object {
          "testUri": "../../../resources/img/s2-checked.png",
        }
      }
      style={
        Object {
          "height": 40,
          "marginBottom": 10,
          "width": 40,
        }
      }
    />
  </View>
</View>
`;
